../Core/Src/bms_state.c:12:6:determine_operating_state	8	static
../Core/Src/bms_state.c:21:6:reset_operating_state	16	static
../Core/Src/bms_state.c:43:6:wakeup_tasks	8	static
../Core/Src/bms_state.c:66:6:change_baud_rate_500	8	static
../Core/Src/bms_state.c:75:6:change_baud_rate_250	8	static
../Core/Src/bms_state.c:86:6:enter_wait_for_gui_mode	8	static
../Core/Src/bms_state.c:94:6:enter_precharge_mode	8	static
../Core/Src/bms_state.c:100:6:enter_drive_mode	8	static
../Core/Src/bms_state.c:107:6:enter_charging_mode	8	static
../Core/Src/bms_state.c:120:6:enter_balancing_mode	16	static
../Core/Src/bms_state.c:137:6:exit_wait_for_gui_mode	8	static
../Core/Src/bms_state.c:141:6:exit_precharge_mode	4	static
../Core/Src/bms_state.c:145:6:exit_drive_mode	4	static
../Core/Src/bms_state.c:152:6:exit_charging_mode	8	static
../Core/Src/bms_state.c:167:6:exit_balancing_mode	24	static
